
 	 Check Design Report
	 -------------------- 

 Long Module Names
----------------------
No subdesign's name is greater than 1.5k in length.

  Unresolved References & Empty Modules
  ------------------------------------- 
No unresolved references in design 'riscv_core'

No empty modules in design 'riscv_core'

 Unloaded Pin(s), Port(s)
 -------------------------
No unloaded sequential element in 'riscv_core'

design 'riscv_core' has the following unloaded port(s)
port:riscv_core/i_test_mode
Total number of unloaded ports in design 'riscv_core' : 1

 Unloaded Combinational Pin(s)
 -------------------------------
No unloaded combinational element in 'riscv_core'

 Assigns
 ------- 
Total number of assign statements in design 'riscv_core' : 0

 Undriven Port(s)/Pin(s)
 ------------------------
No undriven combinational pin in 'riscv_core'

No undriven sequential pin in 'riscv_core'

No undriven hierarchical pin in 'riscv_core'

No undriven port in 'riscv_core'

 Multidriven Port(s)/Pin(s)
--------------------------

No multidriven combinational pin in 'riscv_core'

No multidriven sequential pin in 'riscv_core'

No multidriven hierarchical pin in 'riscv_core'

No multidriven ports in 'riscv_core'

No multidriven unloaded nets in 'riscv_core'

  Constant Pin(s)
  ----------------
No constant combinational pin(s) in design 'riscv_core'

No constant sequential pin(s) in design 'riscv_core'

No constant hierarchical pin(s) in design 'riscv_core'

No constant connected ports in design 'riscv_core'

  Preserved instances(s)
  ----------------
No preserved combinational instance(s) in design 'riscv_core'
No preserved sequential instance(s) in design 'riscv_core'
No preserved hierarchical instance(s) in design 'riscv_core'

  Physical only instances(s)
  ----------------
No physical only instance(s) in design 'riscv_core'

  Logical only instance(s) and linked libcells
    -----------------------------------------
No logical only instance(s) in design 'riscv_core'

Libcells with no corresponding LEF
----------------------------------
lib_cell:default_emulate_libset_max/fast_vdd1v0/ACHCONX2
lib_cell:default_emulate_libset_max/fast_vdd1v0/ACHCONX2
lib_cell:default_emulate_libset_max/fast_vdd1v0/ADDFHX1
lib_cell:default_emulate_libset_max/fast_vdd1v0/ADDFHX1
lib_cell:default_emulate_libset_max/fast_vdd1v0/ADDFHX2
lib_cell:default_emulate_libset_max/fast_vdd1v0/ADDFHX2
lib_cell:default_emulate_libset_max/fast_vdd1v0/ADDFHX4
lib_cell:default_emulate_libset_max/fast_vdd1v0/ADDFHX4
lib_cell:default_emulate_libset_max/fast_vdd1v0/ADDFHXL
lib_cell:default_emulate_libset_max/fast_vdd1v0/ADDFHXL
lib_cell:default_emulate_libset_max/fast_vdd1v0/ADDFX1
lib_cell:default_emulate_libset_max/fast_vdd1v0/ADDFX1
lib_cell:default_emulate_libset_max/fast_vdd1v0/ADDFX2
lib_cell:default_emulate_libset_max/fast_vdd1v0/ADDFX2
lib_cell:default_emulate_libset_max/fast_vdd1v0/ADDFX4
lib_cell:default_emulate_libset_max/fast_vdd1v0/ADDFX4
lib_cell:default_emulate_libset_max/fast_vdd1v0/ADDFXL
lib_cell:default_emulate_libset_max/fast_vdd1v0/ADDFXL
lib_cell:default_emulate_libset_max/fast_vdd1v0/ADDHX1
lib_cell:default_emulate_libset_max/fast_vdd1v0/ADDHX1
lib_cell:default_emulate_libset_max/fast_vdd1v0/ADDHX2
lib_cell:default_emulate_libset_max/fast_vdd1v0/ADDHX2
lib_cell:default_emulate_libset_max/fast_vdd1v0/ADDHX4
lib_cell:default_emulate_libset_max/fast_vdd1v0/ADDHX4
lib_cell:default_emulate_libset_max/fast_vdd1v0/ADDHXL
lib_cell:default_emulate_libset_max/fast_vdd1v0/ADDHXL
lib_cell:default_emulate_libset_max/fast_vdd1v0/AND2X1
lib_cell:default_emulate_libset_max/fast_vdd1v0/AND2X1
lib_cell:default_emulate_libset_max/fast_vdd1v0/AND2X2
lib_cell:default_emulate_libset_max/fast_vdd1v0/AND2X2
lib_cell:default_emulate_libset_max/fast_vdd1v0/AND2X4
lib_cell:default_emulate_libset_max/fast_vdd1v0/AND2X4
lib_cell:default_emulate_libset_max/fast_vdd1v0/AND2X6
lib_cell:default_emulate_libset_max/fast_vdd1v0/AND2X6
lib_cell:default_emulate_libset_max/fast_vdd1v0/AND2X8
lib_cell:default_emulate_libset_max/fast_vdd1v0/AND2X8
lib_cell:default_emulate_libset_max/fast_vdd1v0/AND2XL
lib_cell:default_emulate_libset_max/fast_vdd1v0/AND2XL
lib_cell:default_emulate_libset_max/fast_vdd1v0/AND3X1
lib_cell:default_emulate_libset_max/fast_vdd1v0/AND3X1
lib_cell:default_emulate_libset_max/fast_vdd1v0/AND3X2
lib_cell:default_emulate_libset_max/fast_vdd1v0/AND3X2
lib_cell:default_emulate_libset_max/fast_vdd1v0/AND3X4
lib_cell:default_emulate_libset_max/fast_vdd1v0/AND3X4
lib_cell:default_emulate_libset_max/fast_vdd1v0/AND3X6
lib_cell:default_emulate_libset_max/fast_vdd1v0/AND3X6
lib_cell:default_emulate_libset_max/fast_vdd1v0/AND3X8
lib_cell:default_emulate_libset_max/fast_vdd1v0/AND3X8
lib_cell:default_emulate_libset_max/fast_vdd1v0/AND3XL
lib_cell:default_emulate_libset_max/fast_vdd1v0/AND3XL
lib_cell:default_emulate_libset_max/fast_vdd1v0/AND4X1
lib_cell:default_emulate_libset_max/fast_vdd1v0/AND4X1
lib_cell:default_emulate_libset_max/fast_vdd1v0/AND4X2
lib_cell:default_emulate_libset_max/fast_vdd1v0/AND4X2
lib_cell:default_emulate_libset_max/fast_vdd1v0/AND4X4
lib_cell:default_emulate_libset_max/fast_vdd1v0/AND4X4
lib_cell:default_emulate_libset_max/fast_vdd1v0/AND4X6
lib_cell:default_emulate_libset_max/fast_vdd1v0/AND4X6
lib_cell:default_emulate_libset_max/fast_vdd1v0/AND4X8
lib_cell:default_emulate_libset_max/fast_vdd1v0/AND4X8
lib_cell:default_emulate_libset_max/fast_vdd1v0/AND4XL
lib_cell:default_emulate_libset_max/fast_vdd1v0/AND4XL
lib_cell:default_emulate_libset_max/fast_vdd1v0/ANTENNA
lib_cell:default_emulate_libset_max/fast_vdd1v0/ANTENNA
lib_cell:default_emulate_libset_max/fast_vdd1v0/AO21X1
lib_cell:default_emulate_libset_max/fast_vdd1v0/AO21X1
lib_cell:default_emulate_libset_max/fast_vdd1v0/AO21X2
lib_cell:default_emulate_libset_max/fast_vdd1v0/AO21X2
lib_cell:default_emulate_libset_max/fast_vdd1v0/AO21X4
lib_cell:default_emulate_libset_max/fast_vdd1v0/AO21X4
lib_cell:default_emulate_libset_max/fast_vdd1v0/AO21XL
lib_cell:default_emulate_libset_max/fast_vdd1v0/AO21XL
lib_cell:default_emulate_libset_max/fast_vdd1v0/AO22X1
lib_cell:default_emulate_libset_max/fast_vdd1v0/AO22X1
lib_cell:default_emulate_libset_max/fast_vdd1v0/AO22X2
lib_cell:default_emulate_libset_max/fast_vdd1v0/AO22X2
lib_cell:default_emulate_libset_max/fast_vdd1v0/AO22X4
lib_cell:default_emulate_libset_max/fast_vdd1v0/AO22X4
lib_cell:default_emulate_libset_max/fast_vdd1v0/AO22XL
lib_cell:default_emulate_libset_max/fast_vdd1v0/AO22XL
lib_cell:default_emulate_libset_max/fast_vdd1v0/AOI211X1
lib_cell:default_emulate_libset_max/fast_vdd1v0/AOI211X1
lib_cell:default_emulate_libset_max/fast_vdd1v0/AOI211X2
lib_cell:default_emulate_libset_max/fast_vdd1v0/AOI211X2
lib_cell:default_emulate_libset_max/fast_vdd1v0/AOI211X4
lib_cell:default_emulate_libset_max/fast_vdd1v0/AOI211X4
lib_cell:default_emulate_libset_max/fast_vdd1v0/AOI211XL
lib_cell:default_emulate_libset_max/fast_vdd1v0/AOI211XL
lib_cell:default_emulate_libset_max/fast_vdd1v0/AOI21X1
lib_cell:default_emulate_libset_max/fast_vdd1v0/AOI21X1
lib_cell:default_emulate_libset_max/fast_vdd1v0/AOI21X2
lib_cell:default_emulate_libset_max/fast_vdd1v0/AOI21X2
lib_cell:default_emulate_libset_max/fast_vdd1v0/AOI21X4
lib_cell:default_emulate_libset_max/fast_vdd1v0/AOI21X4
lib_cell:default_emulate_libset_max/fast_vdd1v0/AOI21XL
lib_cell:default_emulate_libset_max/fast_vdd1v0/AOI21XL
lib_cell:default_emulate_libset_max/fast_vdd1v0/AOI221X1
lib_cell:default_emulate_libset_max/fast_vdd1v0/AOI221X1
lib_cell:default_emulate_libset_max/fast_vdd1v0/AOI221X2
lib_cell:default_emulate_libset_max/fast_vdd1v0/AOI221X2
lib_cell:default_emulate_libset_max/fast_vdd1v0/AOI221X4
lib_cell:default_emulate_libset_max/fast_vdd1v0/AOI221X4
lib_cell:default_emulate_libset_max/fast_vdd1v0/AOI221XL
lib_cell:default_emulate_libset_max/fast_vdd1v0/AOI221XL
lib_cell:default_emulate_libset_max/fast_vdd1v0/AOI222X1
lib_cell:default_emulate_libset_max/fast_vdd1v0/AOI222X1
lib_cell:default_emulate_libset_max/fast_vdd1v0/AOI222X2
lib_cell:default_emulate_libset_max/fast_vdd1v0/AOI222X2
lib_cell:default_emulate_libset_max/fast_vdd1v0/AOI222X4
lib_cell:default_emulate_libset_max/fast_vdd1v0/AOI222X4
lib_cell:default_emulate_libset_max/fast_vdd1v0/AOI222XL
lib_cell:default_emulate_libset_max/fast_vdd1v0/AOI222XL
lib_cell:default_emulate_libset_max/fast_vdd1v0/AOI22X1
lib_cell:default_emulate_libset_max/fast_vdd1v0/AOI22X1
lib_cell:default_emulate_libset_max/fast_vdd1v0/AOI22X2
lib_cell:default_emulate_libset_max/fast_vdd1v0/AOI22X2
lib_cell:default_emulate_libset_max/fast_vdd1v0/AOI22X4
lib_cell:default_emulate_libset_max/fast_vdd1v0/AOI22X4
lib_cell:default_emulate_libset_max/fast_vdd1v0/AOI22XL
lib_cell:default_emulate_libset_max/fast_vdd1v0/AOI22XL
lib_cell:default_emulate_libset_max/fast_vdd1v0/AOI2BB1X1
lib_cell:default_emulate_libset_max/fast_vdd1v0/AOI2BB1X1
lib_cell:default_emulate_libset_max/fast_vdd1v0/AOI2BB1X2
lib_cell:default_emulate_libset_max/fast_vdd1v0/AOI2BB1X2
lib_cell:default_emulate_libset_max/fast_vdd1v0/AOI2BB1X4
lib_cell:default_emulate_libset_max/fast_vdd1v0/AOI2BB1X4
lib_cell:default_emulate_libset_max/fast_vdd1v0/AOI2BB1XL
lib_cell:default_emulate_libset_max/fast_vdd1v0/AOI2BB1XL
lib_cell:default_emulate_libset_max/fast_vdd1v0/AOI2BB2X1
lib_cell:default_emulate_libset_max/fast_vdd1v0/AOI2BB2X1
lib_cell:default_emulate_libset_max/fast_vdd1v0/AOI2BB2X2
lib_cell:default_emulate_libset_max/fast_vdd1v0/AOI2BB2X2
lib_cell:default_emulate_libset_max/fast_vdd1v0/AOI2BB2X4
lib_cell:default_emulate_libset_max/fast_vdd1v0/AOI2BB2X4
lib_cell:default_emulate_libset_max/fast_vdd1v0/AOI2BB2XL
lib_cell:default_emulate_libset_max/fast_vdd1v0/AOI2BB2XL
lib_cell:default_emulate_libset_max/fast_vdd1v0/AOI31X1
lib_cell:default_emulate_libset_max/fast_vdd1v0/AOI31X1
lib_cell:default_emulate_libset_max/fast_vdd1v0/AOI31X2
lib_cell:default_emulate_libset_max/fast_vdd1v0/AOI31X2
lib_cell:default_emulate_libset_max/fast_vdd1v0/AOI31X4
lib_cell:default_emulate_libset_max/fast_vdd1v0/AOI31X4
lib_cell:default_emulate_libset_max/fast_vdd1v0/AOI31XL
lib_cell:default_emulate_libset_max/fast_vdd1v0/AOI31XL
lib_cell:default_emulate_libset_max/fast_vdd1v0/AOI32X1
lib_cell:default_emulate_libset_max/fast_vdd1v0/AOI32X1
lib_cell:default_emulate_libset_max/fast_vdd1v0/AOI32X2
lib_cell:default_emulate_libset_max/fast_vdd1v0/AOI32X2
lib_cell:default_emulate_libset_max/fast_vdd1v0/AOI32X4
lib_cell:default_emulate_libset_max/fast_vdd1v0/AOI32X4
lib_cell:default_emulate_libset_max/fast_vdd1v0/AOI32XL
lib_cell:default_emulate_libset_max/fast_vdd1v0/AOI32XL
lib_cell:default_emulate_libset_max/fast_vdd1v0/AOI33X1
lib_cell:default_emulate_libset_max/fast_vdd1v0/AOI33X1
lib_cell:default_emulate_libset_max/fast_vdd1v0/AOI33X2
lib_cell:default_emulate_libset_max/fast_vdd1v0/AOI33X2
lib_cell:default_emulate_libset_max/fast_vdd1v0/AOI33X4
lib_cell:default_emulate_libset_max/fast_vdd1v0/AOI33X4
lib_cell:default_emulate_libset_max/fast_vdd1v0/AOI33XL
lib_cell:default_emulate_libset_max/fast_vdd1v0/AOI33XL
lib_cell:default_emulate_libset_max/fast_vdd1v0/BMXIX2
lib_cell:default_emulate_libset_max/fast_vdd1v0/BMXIX2
lib_cell:default_emulate_libset_max/fast_vdd1v0/BMXIX4
lib_cell:default_emulate_libset_max/fast_vdd1v0/BMXIX4
lib_cell:default_emulate_libset_max/fast_vdd1v0/BUFX12
lib_cell:default_emulate_libset_max/fast_vdd1v0/BUFX12
lib_cell:default_emulate_libset_max/fast_vdd1v0/BUFX16
lib_cell:default_emulate_libset_max/fast_vdd1v0/BUFX16
lib_cell:default_emulate_libset_max/fast_vdd1v0/BUFX2
lib_cell:default_emulate_libset_max/fast_vdd1v0/BUFX2
lib_cell:default_emulate_libset_max/fast_vdd1v0/BUFX20
lib_cell:default_emulate_libset_max/fast_vdd1v0/BUFX20
lib_cell:default_emulate_libset_max/fast_vdd1v0/BUFX3
lib_cell:default_emulate_libset_max/fast_vdd1v0/BUFX3
lib_cell:default_emulate_libset_max/fast_vdd1v0/BUFX4
lib_cell:default_emulate_libset_max/fast_vdd1v0/BUFX4
lib_cell:default_emulate_libset_max/fast_vdd1v0/BUFX6
lib_cell:default_emulate_libset_max/fast_vdd1v0/BUFX6
lib_cell:default_emulate_libset_max/fast_vdd1v0/BUFX8
lib_cell:default_emulate_libset_max/fast_vdd1v0/BUFX8
lib_cell:default_emulate_libset_max/fast_vdd1v0/CLKAND2X12
lib_cell:default_emulate_libset_max/fast_vdd1v0/CLKAND2X12
lib_cell:default_emulate_libset_max/fast_vdd1v0/CLKAND2X2
lib_cell:default_emulate_libset_max/fast_vdd1v0/CLKAND2X2
lib_cell:default_emulate_libset_max/fast_vdd1v0/CLKAND2X3
lib_cell:default_emulate_libset_max/fast_vdd1v0/CLKAND2X3
lib_cell:default_emulate_libset_max/fast_vdd1v0/CLKAND2X4
lib_cell:default_emulate_libset_max/fast_vdd1v0/CLKAND2X4
lib_cell:default_emulate_libset_max/fast_vdd1v0/CLKAND2X6
lib_cell:default_emulate_libset_max/fast_vdd1v0/CLKAND2X6
lib_cell:default_emulate_libset_max/fast_vdd1v0/CLKAND2X8
lib_cell:default_emulate_libset_max/fast_vdd1v0/CLKAND2X8
lib_cell:default_emulate_libset_max/fast_vdd1v0/CLKBUFX12
lib_cell:default_emulate_libset_max/fast_vdd1v0/CLKBUFX12
lib_cell:default_emulate_libset_max/fast_vdd1v0/CLKBUFX16
lib_cell:default_emulate_libset_max/fast_vdd1v0/CLKBUFX16
lib_cell:default_emulate_libset_max/fast_vdd1v0/CLKBUFX2
lib_cell:default_emulate_libset_max/fast_vdd1v0/CLKBUFX2
lib_cell:default_emulate_libset_max/fast_vdd1v0/CLKBUFX20
lib_cell:default_emulate_libset_max/fast_vdd1v0/CLKBUFX20
lib_cell:default_emulate_libset_max/fast_vdd1v0/CLKBUFX3
lib_cell:default_emulate_libset_max/fast_vdd1v0/CLKBUFX3
lib_cell:default_emulate_libset_max/fast_vdd1v0/CLKBUFX4
lib_cell:default_emulate_libset_max/fast_vdd1v0/CLKBUFX4
lib_cell:default_emulate_libset_max/fast_vdd1v0/CLKBUFX6
lib_cell:default_emulate_libset_max/fast_vdd1v0/CLKBUFX6
lib_cell:default_emulate_libset_max/fast_vdd1v0/CLKBUFX8
lib_cell:default_emulate_libset_max/fast_vdd1v0/CLKBUFX8
lib_cell:default_emulate_libset_max/fast_vdd1v0/CLKINVX1
lib_cell:default_emulate_libset_max/fast_vdd1v0/CLKINVX1
lib_cell:default_emulate_libset_max/fast_vdd1v0/CLKINVX12
lib_cell:default_emulate_libset_max/fast_vdd1v0/CLKINVX12
lib_cell:default_emulate_libset_max/fast_vdd1v0/CLKINVX16
lib_cell:default_emulate_libset_max/fast_vdd1v0/CLKINVX16
lib_cell:default_emulate_libset_max/fast_vdd1v0/CLKINVX2
lib_cell:default_emulate_libset_max/fast_vdd1v0/CLKINVX2
lib_cell:default_emulate_libset_max/fast_vdd1v0/CLKINVX20
lib_cell:default_emulate_libset_max/fast_vdd1v0/CLKINVX20
lib_cell:default_emulate_libset_max/fast_vdd1v0/CLKINVX3
lib_cell:default_emulate_libset_max/fast_vdd1v0/CLKINVX3
lib_cell:default_emulate_libset_max/fast_vdd1v0/CLKINVX4
lib_cell:default_emulate_libset_max/fast_vdd1v0/CLKINVX4
lib_cell:default_emulate_libset_max/fast_vdd1v0/CLKINVX6
lib_cell:default_emulate_libset_max/fast_vdd1v0/CLKINVX6
lib_cell:default_emulate_libset_max/fast_vdd1v0/CLKINVX8
lib_cell:default_emulate_libset_max/fast_vdd1v0/CLKINVX8
lib_cell:default_emulate_libset_max/fast_vdd1v0/CLKMX2X12
lib_cell:default_emulate_libset_max/fast_vdd1v0/CLKMX2X12
lib_cell:default_emulate_libset_max/fast_vdd1v0/CLKMX2X2
lib_cell:default_emulate_libset_max/fast_vdd1v0/CLKMX2X2
lib_cell:default_emulate_libset_max/fast_vdd1v0/CLKMX2X3
lib_cell:default_emulate_libset_max/fast_vdd1v0/CLKMX2X3
lib_cell:default_emulate_libset_max/fast_vdd1v0/CLKMX2X4
lib_cell:default_emulate_libset_max/fast_vdd1v0/CLKMX2X4
lib_cell:default_emulate_libset_max/fast_vdd1v0/CLKMX2X6
lib_cell:default_emulate_libset_max/fast_vdd1v0/CLKMX2X6
lib_cell:default_emulate_libset_max/fast_vdd1v0/CLKMX2X8
lib_cell:default_emulate_libset_max/fast_vdd1v0/CLKMX2X8
lib_cell:default_emulate_libset_max/fast_vdd1v0/CLKXOR2X1
lib_cell:default_emulate_libset_max/fast_vdd1v0/CLKXOR2X1
lib_cell:default_emulate_libset_max/fast_vdd1v0/CLKXOR2X2
lib_cell:default_emulate_libset_max/fast_vdd1v0/CLKXOR2X2
lib_cell:default_emulate_libset_max/fast_vdd1v0/CLKXOR2X4
lib_cell:default_emulate_libset_max/fast_vdd1v0/CLKXOR2X4
lib_cell:default_emulate_libset_max/fast_vdd1v0/CLKXOR2X8
lib_cell:default_emulate_libset_max/fast_vdd1v0/CLKXOR2X8
lib_cell:default_emulate_libset_max/fast_vdd1v0/DECAP10
lib_cell:default_emulate_libset_max/fast_vdd1v0/DECAP10
lib_cell:default_emulate_libset_max/fast_vdd1v0/DECAP2
lib_cell:default_emulate_libset_max/fast_vdd1v0/DECAP2
lib_cell:default_emulate_libset_max/fast_vdd1v0/DECAP3
lib_cell:default_emulate_libset_max/fast_vdd1v0/DECAP3
lib_cell:default_emulate_libset_max/fast_vdd1v0/DECAP4
lib_cell:default_emulate_libset_max/fast_vdd1v0/DECAP4
lib_cell:default_emulate_libset_max/fast_vdd1v0/DECAP5
lib_cell:default_emulate_libset_max/fast_vdd1v0/DECAP5
lib_cell:default_emulate_libset_max/fast_vdd1v0/DECAP6
lib_cell:default_emulate_libset_max/fast_vdd1v0/DECAP6
lib_cell:default_emulate_libset_max/fast_vdd1v0/DECAP7
lib_cell:default_emulate_libset_max/fast_vdd1v0/DECAP7
lib_cell:default_emulate_libset_max/fast_vdd1v0/DECAP8
lib_cell:default_emulate_libset_max/fast_vdd1v0/DECAP8
lib_cell:default_emulate_libset_max/fast_vdd1v0/DECAP9
lib_cell:default_emulate_libset_max/fast_vdd1v0/DECAP9
lib_cell:default_emulate_libset_max/fast_vdd1v0/DFFHQX1
lib_cell:default_emulate_libset_max/fast_vdd1v0/DFFHQX1
lib_cell:default_emulate_libset_max/fast_vdd1v0/DFFHQX2
lib_cell:default_emulate_libset_max/fast_vdd1v0/DFFHQX2
lib_cell:default_emulate_libset_max/fast_vdd1v0/DFFHQX4
lib_cell:default_emulate_libset_max/fast_vdd1v0/DFFHQX4
lib_cell:default_emulate_libset_max/fast_vdd1v0/DFFHQX8
lib_cell:default_emulate_libset_max/fast_vdd1v0/DFFHQX8
lib_cell:default_emulate_libset_max/fast_vdd1v0/DFFNSRX1
lib_cell:default_emulate_libset_max/fast_vdd1v0/DFFNSRX1
lib_cell:default_emulate_libset_max/fast_vdd1v0/DFFNSRX2
lib_cell:default_emulate_libset_max/fast_vdd1v0/DFFNSRX2
lib_cell:default_emulate_libset_max/fast_vdd1v0/DFFNSRX4
lib_cell:default_emulate_libset_max/fast_vdd1v0/DFFNSRX4
lib_cell:default_emulate_libset_max/fast_vdd1v0/DFFNSRXL
lib_cell:default_emulate_libset_max/fast_vdd1v0/DFFNSRXL
lib_cell:default_emulate_libset_max/fast_vdd1v0/DFFQX1
lib_cell:default_emulate_libset_max/fast_vdd1v0/DFFQX1
lib_cell:default_emulate_libset_max/fast_vdd1v0/DFFQX2
lib_cell:default_emulate_libset_max/fast_vdd1v0/DFFQX2
lib_cell:default_emulate_libset_max/fast_vdd1v0/DFFQX4
lib_cell:default_emulate_libset_max/fast_vdd1v0/DFFQX4
lib_cell:default_emulate_libset_max/fast_vdd1v0/DFFQXL
lib_cell:default_emulate_libset_max/fast_vdd1v0/DFFQXL
lib_cell:default_emulate_libset_max/fast_vdd1v0/DFFRHQX1
lib_cell:default_emulate_libset_max/fast_vdd1v0/DFFRHQX1
lib_cell:default_emulate_libset_max/fast_vdd1v0/DFFRHQX2
lib_cell:default_emulate_libset_max/fast_vdd1v0/DFFRHQX2
lib_cell:default_emulate_libset_max/fast_vdd1v0/DFFRHQX4
lib_cell:default_emulate_libset_max/fast_vdd1v0/DFFRHQX4
lib_cell:default_emulate_libset_max/fast_vdd1v0/DFFRHQX8
lib_cell:default_emulate_libset_max/fast_vdd1v0/DFFRHQX8
lib_cell:default_emulate_libset_max/fast_vdd1v0/DFFRX1
lib_cell:default_emulate_libset_max/fast_vdd1v0/DFFRX1
lib_cell:default_emulate_libset_max/fast_vdd1v0/DFFRX2
lib_cell:default_emulate_libset_max/fast_vdd1v0/DFFRX2
lib_cell:default_emulate_libset_max/fast_vdd1v0/DFFRX4
lib_cell:default_emulate_libset_max/fast_vdd1v0/DFFRX4
lib_cell:default_emulate_libset_max/fast_vdd1v0/DFFRXL
lib_cell:default_emulate_libset_max/fast_vdd1v0/DFFRXL
lib_cell:default_emulate_libset_max/fast_vdd1v0/DFFSHQX1
lib_cell:default_emulate_libset_max/fast_vdd1v0/DFFSHQX1
lib_cell:default_emulate_libset_max/fast_vdd1v0/DFFSHQX2
lib_cell:default_emulate_libset_max/fast_vdd1v0/DFFSHQX2
lib_cell:default_emulate_libset_max/fast_vdd1v0/DFFSHQX4
lib_cell:default_emulate_libset_max/fast_vdd1v0/DFFSHQX4
lib_cell:default_emulate_libset_max/fast_vdd1v0/DFFSHQX8
lib_cell:default_emulate_libset_max/fast_vdd1v0/DFFSHQX8
lib_cell:default_emulate_libset_max/fast_vdd1v0/DFFSRHQX1
lib_cell:default_emulate_libset_max/fast_vdd1v0/DFFSRHQX1
lib_cell:default_emulate_libset_max/fast_vdd1v0/DFFSRHQX2
lib_cell:default_emulate_libset_max/fast_vdd1v0/DFFSRHQX2
lib_cell:default_emulate_libset_max/fast_vdd1v0/DFFSRHQX4
lib_cell:default_emulate_libset_max/fast_vdd1v0/DFFSRHQX4
lib_cell:default_emulate_libset_max/fast_vdd1v0/DFFSRHQX8
lib_cell:default_emulate_libset_max/fast_vdd1v0/DFFSRHQX8
lib_cell:default_emulate_libset_max/fast_vdd1v0/DFFSRX1
lib_cell:default_emulate_libset_max/fast_vdd1v0/DFFSRX1
lib_cell:default_emulate_libset_max/fast_vdd1v0/DFFSRX2
lib_cell:default_emulate_libset_max/fast_vdd1v0/DFFSRX2
lib_cell:default_emulate_libset_max/fast_vdd1v0/DFFSRX4
lib_cell:default_emulate_libset_max/fast_vdd1v0/DFFSRX4
lib_cell:default_emulate_libset_max/fast_vdd1v0/DFFSRXL
lib_cell:default_emulate_libset_max/fast_vdd1v0/DFFSRXL
lib_cell:default_emulate_libset_max/fast_vdd1v0/DFFSX1
lib_cell:default_emulate_libset_max/fast_vdd1v0/DFFSX1
lib_cell:default_emulate_libset_max/fast_vdd1v0/DFFSX2
lib_cell:default_emulate_libset_max/fast_vdd1v0/DFFSX2
lib_cell:default_emulate_libset_max/fast_vdd1v0/DFFSX4
lib_cell:default_emulate_libset_max/fast_vdd1v0/DFFSX4
lib_cell:default_emulate_libset_max/fast_vdd1v0/DFFSXL
lib_cell:default_emulate_libset_max/fast_vdd1v0/DFFSXL
lib_cell:default_emulate_libset_max/fast_vdd1v0/DFFTRX1
lib_cell:default_emulate_libset_max/fast_vdd1v0/DFFTRX1
lib_cell:default_emulate_libset_max/fast_vdd1v0/DFFTRX2
lib_cell:default_emulate_libset_max/fast_vdd1v0/DFFTRX2
lib_cell:default_emulate_libset_max/fast_vdd1v0/DFFTRX4
lib_cell:default_emulate_libset_max/fast_vdd1v0/DFFTRX4
lib_cell:default_emulate_libset_max/fast_vdd1v0/DFFTRXL
lib_cell:default_emulate_libset_max/fast_vdd1v0/DFFTRXL
lib_cell:default_emulate_libset_max/fast_vdd1v0/DFFX1
lib_cell:default_emulate_libset_max/fast_vdd1v0/DFFX1
lib_cell:default_emulate_libset_max/fast_vdd1v0/DFFX2
lib_cell:default_emulate_libset_max/fast_vdd1v0/DFFX2
lib_cell:default_emulate_libset_max/fast_vdd1v0/DFFX4
lib_cell:default_emulate_libset_max/fast_vdd1v0/DFFX4
lib_cell:default_emulate_libset_max/fast_vdd1v0/DFFXL
lib_cell:default_emulate_libset_max/fast_vdd1v0/DFFXL
lib_cell:default_emulate_libset_max/fast_vdd1v0/DLY1X1
lib_cell:default_emulate_libset_max/fast_vdd1v0/DLY1X1
lib_cell:default_emulate_libset_max/fast_vdd1v0/DLY1X4
lib_cell:default_emulate_libset_max/fast_vdd1v0/DLY1X4
lib_cell:default_emulate_libset_max/fast_vdd1v0/DLY2X1
lib_cell:default_emulate_libset_max/fast_vdd1v0/DLY2X1
lib_cell:default_emulate_libset_max/fast_vdd1v0/DLY2X4
lib_cell:default_emulate_libset_max/fast_vdd1v0/DLY2X4
lib_cell:default_emulate_libset_max/fast_vdd1v0/DLY3X1
lib_cell:default_emulate_libset_max/fast_vdd1v0/DLY3X1
lib_cell:default_emulate_libset_max/fast_vdd1v0/DLY3X4
lib_cell:default_emulate_libset_max/fast_vdd1v0/DLY3X4
lib_cell:default_emulate_libset_max/fast_vdd1v0/DLY4X1
lib_cell:default_emulate_libset_max/fast_vdd1v0/DLY4X1
lib_cell:default_emulate_libset_max/fast_vdd1v0/DLY4X4
lib_cell:default_emulate_libset_max/fast_vdd1v0/DLY4X4
lib_cell:default_emulate_libset_max/fast_vdd1v0/EDFFHQX1
lib_cell:default_emulate_libset_max/fast_vdd1v0/EDFFHQX1
lib_cell:default_emulate_libset_max/fast_vdd1v0/EDFFHQX2
lib_cell:default_emulate_libset_max/fast_vdd1v0/EDFFHQX2
lib_cell:default_emulate_libset_max/fast_vdd1v0/EDFFHQX4
lib_cell:default_emulate_libset_max/fast_vdd1v0/EDFFHQX4
lib_cell:default_emulate_libset_max/fast_vdd1v0/EDFFHQX8
lib_cell:default_emulate_libset_max/fast_vdd1v0/EDFFHQX8
lib_cell:default_emulate_libset_max/fast_vdd1v0/EDFFTRX1
lib_cell:default_emulate_libset_max/fast_vdd1v0/EDFFTRX1
lib_cell:default_emulate_libset_max/fast_vdd1v0/EDFFTRX2
lib_cell:default_emulate_libset_max/fast_vdd1v0/EDFFTRX2
lib_cell:default_emulate_libset_max/fast_vdd1v0/EDFFTRX4
lib_cell:default_emulate_libset_max/fast_vdd1v0/EDFFTRX4
lib_cell:default_emulate_libset_max/fast_vdd1v0/EDFFTRXL
lib_cell:default_emulate_libset_max/fast_vdd1v0/EDFFTRXL
lib_cell:default_emulate_libset_max/fast_vdd1v0/EDFFX1
lib_cell:default_emulate_libset_max/fast_vdd1v0/EDFFX1
lib_cell:default_emulate_libset_max/fast_vdd1v0/EDFFX2
lib_cell:default_emulate_libset_max/fast_vdd1v0/EDFFX2
lib_cell:default_emulate_libset_max/fast_vdd1v0/EDFFX4
lib_cell:default_emulate_libset_max/fast_vdd1v0/EDFFX4
lib_cell:default_emulate_libset_max/fast_vdd1v0/EDFFXL
lib_cell:default_emulate_libset_max/fast_vdd1v0/EDFFXL
lib_cell:default_emulate_libset_max/fast_vdd1v0/HOLDX1
lib_cell:default_emulate_libset_max/fast_vdd1v0/HOLDX1
lib_cell:default_emulate_libset_max/fast_vdd1v0/INVX1
lib_cell:default_emulate_libset_max/fast_vdd1v0/INVX1
lib_cell:default_emulate_libset_max/fast_vdd1v0/INVX12
lib_cell:default_emulate_libset_max/fast_vdd1v0/INVX12
lib_cell:default_emulate_libset_max/fast_vdd1v0/INVX16
lib_cell:default_emulate_libset_max/fast_vdd1v0/INVX16
lib_cell:default_emulate_libset_max/fast_vdd1v0/INVX2
lib_cell:default_emulate_libset_max/fast_vdd1v0/INVX2
lib_cell:default_emulate_libset_max/fast_vdd1v0/INVX20
lib_cell:default_emulate_libset_max/fast_vdd1v0/INVX20
lib_cell:default_emulate_libset_max/fast_vdd1v0/INVX3
lib_cell:default_emulate_libset_max/fast_vdd1v0/INVX3
lib_cell:default_emulate_libset_max/fast_vdd1v0/INVX4
lib_cell:default_emulate_libset_max/fast_vdd1v0/INVX4
lib_cell:default_emulate_libset_max/fast_vdd1v0/INVX6
lib_cell:default_emulate_libset_max/fast_vdd1v0/INVX6
lib_cell:default_emulate_libset_max/fast_vdd1v0/INVX8
lib_cell:default_emulate_libset_max/fast_vdd1v0/INVX8
lib_cell:default_emulate_libset_max/fast_vdd1v0/INVXL
lib_cell:default_emulate_libset_max/fast_vdd1v0/INVXL
lib_cell:default_emulate_libset_max/fast_vdd1v0/MDFFHQX1
lib_cell:default_emulate_libset_max/fast_vdd1v0/MDFFHQX1
lib_cell:default_emulate_libset_max/fast_vdd1v0/MDFFHQX2
lib_cell:default_emulate_libset_max/fast_vdd1v0/MDFFHQX2
lib_cell:default_emulate_libset_max/fast_vdd1v0/MDFFHQX4
lib_cell:default_emulate_libset_max/fast_vdd1v0/MDFFHQX4
lib_cell:default_emulate_libset_max/fast_vdd1v0/MDFFHQX8
lib_cell:default_emulate_libset_max/fast_vdd1v0/MDFFHQX8
lib_cell:default_emulate_libset_max/fast_vdd1v0/MX2X1
lib_cell:default_emulate_libset_max/fast_vdd1v0/MX2X1
lib_cell:default_emulate_libset_max/fast_vdd1v0/MX2X2
lib_cell:default_emulate_libset_max/fast_vdd1v0/MX2X2
lib_cell:default_emulate_libset_max/fast_vdd1v0/MX2X4
lib_cell:default_emulate_libset_max/fast_vdd1v0/MX2X4
lib_cell:default_emulate_libset_max/fast_vdd1v0/MX2X6
lib_cell:default_emulate_libset_max/fast_vdd1v0/MX2X6
lib_cell:default_emulate_libset_max/fast_vdd1v0/MX2X8
lib_cell:default_emulate_libset_max/fast_vdd1v0/MX2X8
lib_cell:default_emulate_libset_max/fast_vdd1v0/MX2XL
lib_cell:default_emulate_libset_max/fast_vdd1v0/MX2XL
lib_cell:default_emulate_libset_max/fast_vdd1v0/MX3X1
lib_cell:default_emulate_libset_max/fast_vdd1v0/MX3X1
lib_cell:default_emulate_libset_max/fast_vdd1v0/MX3X2
lib_cell:default_emulate_libset_max/fast_vdd1v0/MX3X2
lib_cell:default_emulate_libset_max/fast_vdd1v0/MX3X4
lib_cell:default_emulate_libset_max/fast_vdd1v0/MX3X4
lib_cell:default_emulate_libset_max/fast_vdd1v0/MX3XL
lib_cell:default_emulate_libset_max/fast_vdd1v0/MX3XL
lib_cell:default_emulate_libset_max/fast_vdd1v0/MX4X1
lib_cell:default_emulate_libset_max/fast_vdd1v0/MX4X1
lib_cell:default_emulate_libset_max/fast_vdd1v0/MX4X2
lib_cell:default_emulate_libset_max/fast_vdd1v0/MX4X2
lib_cell:default_emulate_libset_max/fast_vdd1v0/MX4X4
lib_cell:default_emulate_libset_max/fast_vdd1v0/MX4X4
lib_cell:default_emulate_libset_max/fast_vdd1v0/MX4XL
lib_cell:default_emulate_libset_max/fast_vdd1v0/MX4XL
lib_cell:default_emulate_libset_max/fast_vdd1v0/MXI2X1
lib_cell:default_emulate_libset_max/fast_vdd1v0/MXI2X1
lib_cell:default_emulate_libset_max/fast_vdd1v0/MXI2X2
lib_cell:default_emulate_libset_max/fast_vdd1v0/MXI2X2
lib_cell:default_emulate_libset_max/fast_vdd1v0/MXI2X4
lib_cell:default_emulate_libset_max/fast_vdd1v0/MXI2X4
lib_cell:default_emulate_libset_max/fast_vdd1v0/MXI2X6
lib_cell:default_emulate_libset_max/fast_vdd1v0/MXI2X6
lib_cell:default_emulate_libset_max/fast_vdd1v0/MXI2X8
lib_cell:default_emulate_libset_max/fast_vdd1v0/MXI2X8
lib_cell:default_emulate_libset_max/fast_vdd1v0/MXI2XL
lib_cell:default_emulate_libset_max/fast_vdd1v0/MXI2XL
lib_cell:default_emulate_libset_max/fast_vdd1v0/MXI3X1
lib_cell:default_emulate_libset_max/fast_vdd1v0/MXI3X1
lib_cell:default_emulate_libset_max/fast_vdd1v0/MXI3X2
lib_cell:default_emulate_libset_max/fast_vdd1v0/MXI3X2
lib_cell:default_emulate_libset_max/fast_vdd1v0/MXI3X4
lib_cell:default_emulate_libset_max/fast_vdd1v0/MXI3X4
lib_cell:default_emulate_libset_max/fast_vdd1v0/MXI3XL
lib_cell:default_emulate_libset_max/fast_vdd1v0/MXI3XL
lib_cell:default_emulate_libset_max/fast_vdd1v0/MXI4X1
lib_cell:default_emulate_libset_max/fast_vdd1v0/MXI4X1
lib_cell:default_emulate_libset_max/fast_vdd1v0/MXI4X2
lib_cell:default_emulate_libset_max/fast_vdd1v0/MXI4X2
lib_cell:default_emulate_libset_max/fast_vdd1v0/MXI4X4
lib_cell:default_emulate_libset_max/fast_vdd1v0/MXI4X4
lib_cell:default_emulate_libset_max/fast_vdd1v0/MXI4XL
lib_cell:default_emulate_libset_max/fast_vdd1v0/MXI4XL
lib_cell:default_emulate_libset_max/fast_vdd1v0/NAND2BX1
lib_cell:default_emulate_libset_max/fast_vdd1v0/NAND2BX1
lib_cell:default_emulate_libset_max/fast_vdd1v0/NAND2BX2
lib_cell:default_emulate_libset_max/fast_vdd1v0/NAND2BX2
lib_cell:default_emulate_libset_max/fast_vdd1v0/NAND2BX4
lib_cell:default_emulate_libset_max/fast_vdd1v0/NAND2BX4
lib_cell:default_emulate_libset_max/fast_vdd1v0/NAND2BXL
lib_cell:default_emulate_libset_max/fast_vdd1v0/NAND2BXL
lib_cell:default_emulate_libset_max/fast_vdd1v0/NAND2X1
lib_cell:default_emulate_libset_max/fast_vdd1v0/NAND2X1
lib_cell:default_emulate_libset_max/fast_vdd1v0/NAND2X2
lib_cell:default_emulate_libset_max/fast_vdd1v0/NAND2X2
lib_cell:default_emulate_libset_max/fast_vdd1v0/NAND2X4
lib_cell:default_emulate_libset_max/fast_vdd1v0/NAND2X4
lib_cell:default_emulate_libset_max/fast_vdd1v0/NAND2X6
lib_cell:default_emulate_libset_max/fast_vdd1v0/NAND2X6
lib_cell:default_emulate_libset_max/fast_vdd1v0/NAND2X8
lib_cell:default_emulate_libset_max/fast_vdd1v0/NAND2X8
lib_cell:default_emulate_libset_max/fast_vdd1v0/NAND2XL
lib_cell:default_emulate_libset_max/fast_vdd1v0/NAND2XL
lib_cell:default_emulate_libset_max/fast_vdd1v0/NAND3BX1
lib_cell:default_emulate_libset_max/fast_vdd1v0/NAND3BX1
lib_cell:default_emulate_libset_max/fast_vdd1v0/NAND3BX2
lib_cell:default_emulate_libset_max/fast_vdd1v0/NAND3BX2
lib_cell:default_emulate_libset_max/fast_vdd1v0/NAND3BX4
lib_cell:default_emulate_libset_max/fast_vdd1v0/NAND3BX4
lib_cell:default_emulate_libset_max/fast_vdd1v0/NAND3BXL
lib_cell:default_emulate_libset_max/fast_vdd1v0/NAND3BXL
lib_cell:default_emulate_libset_max/fast_vdd1v0/NAND3X1
lib_cell:default_emulate_libset_max/fast_vdd1v0/NAND3X1
lib_cell:default_emulate_libset_max/fast_vdd1v0/NAND3X2
lib_cell:default_emulate_libset_max/fast_vdd1v0/NAND3X2
lib_cell:default_emulate_libset_max/fast_vdd1v0/NAND3X4
lib_cell:default_emulate_libset_max/fast_vdd1v0/NAND3X4
lib_cell:default_emulate_libset_max/fast_vdd1v0/NAND3X6
lib_cell:default_emulate_libset_max/fast_vdd1v0/NAND3X6
lib_cell:default_emulate_libset_max/fast_vdd1v0/NAND3X8
lib_cell:default_emulate_libset_max/fast_vdd1v0/NAND3X8
lib_cell:default_emulate_libset_max/fast_vdd1v0/NAND3XL
lib_cell:default_emulate_libset_max/fast_vdd1v0/NAND3XL
lib_cell:default_emulate_libset_max/fast_vdd1v0/NAND4BBX1
lib_cell:default_emulate_libset_max/fast_vdd1v0/NAND4BBX1
lib_cell:default_emulate_libset_max/fast_vdd1v0/NAND4BBX2
lib_cell:default_emulate_libset_max/fast_vdd1v0/NAND4BBX2
lib_cell:default_emulate_libset_max/fast_vdd1v0/NAND4BBX4
lib_cell:default_emulate_libset_max/fast_vdd1v0/NAND4BBX4
lib_cell:default_emulate_libset_max/fast_vdd1v0/NAND4BBXL
lib_cell:default_emulate_libset_max/fast_vdd1v0/NAND4BBXL
lib_cell:default_emulate_libset_max/fast_vdd1v0/NAND4BX1
lib_cell:default_emulate_libset_max/fast_vdd1v0/NAND4BX1
lib_cell:default_emulate_libset_max/fast_vdd1v0/NAND4BX2
lib_cell:default_emulate_libset_max/fast_vdd1v0/NAND4BX2
lib_cell:default_emulate_libset_max/fast_vdd1v0/NAND4BX4
lib_cell:default_emulate_libset_max/fast_vdd1v0/NAND4BX4
lib_cell:default_emulate_libset_max/fast_vdd1v0/NAND4BXL
lib_cell:default_emulate_libset_max/fast_vdd1v0/NAND4BXL
lib_cell:default_emulate_libset_max/fast_vdd1v0/NAND4X1
lib_cell:default_emulate_libset_max/fast_vdd1v0/NAND4X1
lib_cell:default_emulate_libset_max/fast_vdd1v0/NAND4X2
lib_cell:default_emulate_libset_max/fast_vdd1v0/NAND4X2
lib_cell:default_emulate_libset_max/fast_vdd1v0/NAND4X4
lib_cell:default_emulate_libset_max/fast_vdd1v0/NAND4X4
lib_cell:default_emulate_libset_max/fast_vdd1v0/NAND4X6
lib_cell:default_emulate_libset_max/fast_vdd1v0/NAND4X6
lib_cell:default_emulate_libset_max/fast_vdd1v0/NAND4X8
lib_cell:default_emulate_libset_max/fast_vdd1v0/NAND4X8
lib_cell:default_emulate_libset_max/fast_vdd1v0/NAND4XL
lib_cell:default_emulate_libset_max/fast_vdd1v0/NAND4XL
lib_cell:default_emulate_libset_max/fast_vdd1v0/NOR2BX1
lib_cell:default_emulate_libset_max/fast_vdd1v0/NOR2BX1
lib_cell:default_emulate_libset_max/fast_vdd1v0/NOR2BX2
lib_cell:default_emulate_libset_max/fast_vdd1v0/NOR2BX2
lib_cell:default_emulate_libset_max/fast_vdd1v0/NOR2BX4
lib_cell:default_emulate_libset_max/fast_vdd1v0/NOR2BX4
lib_cell:default_emulate_libset_max/fast_vdd1v0/NOR2BXL
lib_cell:default_emulate_libset_max/fast_vdd1v0/NOR2BXL
lib_cell:default_emulate_libset_max/fast_vdd1v0/NOR2X1
lib_cell:default_emulate_libset_max/fast_vdd1v0/NOR2X1
lib_cell:default_emulate_libset_max/fast_vdd1v0/NOR2X2
lib_cell:default_emulate_libset_max/fast_vdd1v0/NOR2X2
lib_cell:default_emulate_libset_max/fast_vdd1v0/NOR2X4
lib_cell:default_emulate_libset_max/fast_vdd1v0/NOR2X4
lib_cell:default_emulate_libset_max/fast_vdd1v0/NOR2X6
lib_cell:default_emulate_libset_max/fast_vdd1v0/NOR2X6
lib_cell:default_emulate_libset_max/fast_vdd1v0/NOR2X8
lib_cell:default_emulate_libset_max/fast_vdd1v0/NOR2X8
lib_cell:default_emulate_libset_max/fast_vdd1v0/NOR2XL
lib_cell:default_emulate_libset_max/fast_vdd1v0/NOR2XL
lib_cell:default_emulate_libset_max/fast_vdd1v0/NOR3BX1
lib_cell:default_emulate_libset_max/fast_vdd1v0/NOR3BX1
lib_cell:default_emulate_libset_max/fast_vdd1v0/NOR3BX2
lib_cell:default_emulate_libset_max/fast_vdd1v0/NOR3BX2
lib_cell:default_emulate_libset_max/fast_vdd1v0/NOR3BX4
lib_cell:default_emulate_libset_max/fast_vdd1v0/NOR3BX4
lib_cell:default_emulate_libset_max/fast_vdd1v0/NOR3BXL
lib_cell:default_emulate_libset_max/fast_vdd1v0/NOR3BXL
lib_cell:default_emulate_libset_max/fast_vdd1v0/NOR3X1
lib_cell:default_emulate_libset_max/fast_vdd1v0/NOR3X1
lib_cell:default_emulate_libset_max/fast_vdd1v0/NOR3X2
lib_cell:default_emulate_libset_max/fast_vdd1v0/NOR3X2
lib_cell:default_emulate_libset_max/fast_vdd1v0/NOR3X4
lib_cell:default_emulate_libset_max/fast_vdd1v0/NOR3X4
lib_cell:default_emulate_libset_max/fast_vdd1v0/NOR3X6
lib_cell:default_emulate_libset_max/fast_vdd1v0/NOR3X6
lib_cell:default_emulate_libset_max/fast_vdd1v0/NOR3X8
lib_cell:default_emulate_libset_max/fast_vdd1v0/NOR3X8
lib_cell:default_emulate_libset_max/fast_vdd1v0/NOR3XL
lib_cell:default_emulate_libset_max/fast_vdd1v0/NOR3XL
lib_cell:default_emulate_libset_max/fast_vdd1v0/NOR4BBX1
lib_cell:default_emulate_libset_max/fast_vdd1v0/NOR4BBX1
lib_cell:default_emulate_libset_max/fast_vdd1v0/NOR4BBX2
lib_cell:default_emulate_libset_max/fast_vdd1v0/NOR4BBX2
lib_cell:default_emulate_libset_max/fast_vdd1v0/NOR4BBX4
lib_cell:default_emulate_libset_max/fast_vdd1v0/NOR4BBX4
lib_cell:default_emulate_libset_max/fast_vdd1v0/NOR4BBXL
lib_cell:default_emulate_libset_max/fast_vdd1v0/NOR4BBXL
lib_cell:default_emulate_libset_max/fast_vdd1v0/NOR4BX1
lib_cell:default_emulate_libset_max/fast_vdd1v0/NOR4BX1
lib_cell:default_emulate_libset_max/fast_vdd1v0/NOR4BX2
lib_cell:default_emulate_libset_max/fast_vdd1v0/NOR4BX2
lib_cell:default_emulate_libset_max/fast_vdd1v0/NOR4BX4
lib_cell:default_emulate_libset_max/fast_vdd1v0/NOR4BX4
lib_cell:default_emulate_libset_max/fast_vdd1v0/NOR4BXL
lib_cell:default_emulate_libset_max/fast_vdd1v0/NOR4BXL
lib_cell:default_emulate_libset_max/fast_vdd1v0/NOR4X1
lib_cell:default_emulate_libset_max/fast_vdd1v0/NOR4X1
lib_cell:default_emulate_libset_max/fast_vdd1v0/NOR4X2
lib_cell:default_emulate_libset_max/fast_vdd1v0/NOR4X2
lib_cell:default_emulate_libset_max/fast_vdd1v0/NOR4X4
lib_cell:default_emulate_libset_max/fast_vdd1v0/NOR4X4
lib_cell:default_emulate_libset_max/fast_vdd1v0/NOR4X6
lib_cell:default_emulate_libset_max/fast_vdd1v0/NOR4X6
lib_cell:default_emulate_libset_max/fast_vdd1v0/NOR4X8
lib_cell:default_emulate_libset_max/fast_vdd1v0/NOR4X8
lib_cell:default_emulate_libset_max/fast_vdd1v0/NOR4XL
lib_cell:default_emulate_libset_max/fast_vdd1v0/NOR4XL
lib_cell:default_emulate_libset_max/fast_vdd1v0/OA21X1
lib_cell:default_emulate_libset_max/fast_vdd1v0/OA21X1
lib_cell:default_emulate_libset_max/fast_vdd1v0/OA21X2
lib_cell:default_emulate_libset_max/fast_vdd1v0/OA21X2
lib_cell:default_emulate_libset_max/fast_vdd1v0/OA21X4
lib_cell:default_emulate_libset_max/fast_vdd1v0/OA21X4
lib_cell:default_emulate_libset_max/fast_vdd1v0/OA21XL
lib_cell:default_emulate_libset_max/fast_vdd1v0/OA21XL
lib_cell:default_emulate_libset_max/fast_vdd1v0/OA22X1
lib_cell:default_emulate_libset_max/fast_vdd1v0/OA22X1
lib_cell:default_emulate_libset_max/fast_vdd1v0/OA22X2
lib_cell:default_emulate_libset_max/fast_vdd1v0/OA22X2
lib_cell:default_emulate_libset_max/fast_vdd1v0/OA22X4
lib_cell:default_emulate_libset_max/fast_vdd1v0/OA22X4
lib_cell:default_emulate_libset_max/fast_vdd1v0/OA22XL
lib_cell:default_emulate_libset_max/fast_vdd1v0/OA22XL
lib_cell:default_emulate_libset_max/fast_vdd1v0/OAI211X1
lib_cell:default_emulate_libset_max/fast_vdd1v0/OAI211X1
lib_cell:default_emulate_libset_max/fast_vdd1v0/OAI211X2
lib_cell:default_emulate_libset_max/fast_vdd1v0/OAI211X2
lib_cell:default_emulate_libset_max/fast_vdd1v0/OAI211X4
lib_cell:default_emulate_libset_max/fast_vdd1v0/OAI211X4
lib_cell:default_emulate_libset_max/fast_vdd1v0/OAI211XL
lib_cell:default_emulate_libset_max/fast_vdd1v0/OAI211XL
lib_cell:default_emulate_libset_max/fast_vdd1v0/OAI21X1
lib_cell:default_emulate_libset_max/fast_vdd1v0/OAI21X1
lib_cell:default_emulate_libset_max/fast_vdd1v0/OAI21X2
lib_cell:default_emulate_libset_max/fast_vdd1v0/OAI21X2
lib_cell:default_emulate_libset_max/fast_vdd1v0/OAI21X4
lib_cell:default_emulate_libset_max/fast_vdd1v0/OAI21X4
lib_cell:default_emulate_libset_max/fast_vdd1v0/OAI21XL
lib_cell:default_emulate_libset_max/fast_vdd1v0/OAI21XL
lib_cell:default_emulate_libset_max/fast_vdd1v0/OAI221X1
lib_cell:default_emulate_libset_max/fast_vdd1v0/OAI221X1
lib_cell:default_emulate_libset_max/fast_vdd1v0/OAI221X2
lib_cell:default_emulate_libset_max/fast_vdd1v0/OAI221X2
lib_cell:default_emulate_libset_max/fast_vdd1v0/OAI221X4
lib_cell:default_emulate_libset_max/fast_vdd1v0/OAI221X4
lib_cell:default_emulate_libset_max/fast_vdd1v0/OAI221XL
lib_cell:default_emulate_libset_max/fast_vdd1v0/OAI221XL
lib_cell:default_emulate_libset_max/fast_vdd1v0/OAI222X1
lib_cell:default_emulate_libset_max/fast_vdd1v0/OAI222X1
lib_cell:default_emulate_libset_max/fast_vdd1v0/OAI222X2
lib_cell:default_emulate_libset_max/fast_vdd1v0/OAI222X2
lib_cell:default_emulate_libset_max/fast_vdd1v0/OAI222X4
lib_cell:default_emulate_libset_max/fast_vdd1v0/OAI222X4
lib_cell:default_emulate_libset_max/fast_vdd1v0/OAI222XL
lib_cell:default_emulate_libset_max/fast_vdd1v0/OAI222XL
lib_cell:default_emulate_libset_max/fast_vdd1v0/OAI22X1
lib_cell:default_emulate_libset_max/fast_vdd1v0/OAI22X1
lib_cell:default_emulate_libset_max/fast_vdd1v0/OAI22X2
lib_cell:default_emulate_libset_max/fast_vdd1v0/OAI22X2
lib_cell:default_emulate_libset_max/fast_vdd1v0/OAI22X4
lib_cell:default_emulate_libset_max/fast_vdd1v0/OAI22X4
lib_cell:default_emulate_libset_max/fast_vdd1v0/OAI22XL
lib_cell:default_emulate_libset_max/fast_vdd1v0/OAI22XL
lib_cell:default_emulate_libset_max/fast_vdd1v0/OAI2BB1X1
lib_cell:default_emulate_libset_max/fast_vdd1v0/OAI2BB1X1
lib_cell:default_emulate_libset_max/fast_vdd1v0/OAI2BB1X2
lib_cell:default_emulate_libset_max/fast_vdd1v0/OAI2BB1X2
lib_cell:default_emulate_libset_max/fast_vdd1v0/OAI2BB1X4
lib_cell:default_emulate_libset_max/fast_vdd1v0/OAI2BB1X4
lib_cell:default_emulate_libset_max/fast_vdd1v0/OAI2BB1XL
lib_cell:default_emulate_libset_max/fast_vdd1v0/OAI2BB1XL
lib_cell:default_emulate_libset_max/fast_vdd1v0/OAI2BB2X1
lib_cell:default_emulate_libset_max/fast_vdd1v0/OAI2BB2X1
lib_cell:default_emulate_libset_max/fast_vdd1v0/OAI2BB2X2
lib_cell:default_emulate_libset_max/fast_vdd1v0/OAI2BB2X2
lib_cell:default_emulate_libset_max/fast_vdd1v0/OAI2BB2X4
lib_cell:default_emulate_libset_max/fast_vdd1v0/OAI2BB2X4
lib_cell:default_emulate_libset_max/fast_vdd1v0/OAI2BB2XL
lib_cell:default_emulate_libset_max/fast_vdd1v0/OAI2BB2XL
lib_cell:default_emulate_libset_max/fast_vdd1v0/OAI31X1
lib_cell:default_emulate_libset_max/fast_vdd1v0/OAI31X1
lib_cell:default_emulate_libset_max/fast_vdd1v0/OAI31X2
lib_cell:default_emulate_libset_max/fast_vdd1v0/OAI31X2
lib_cell:default_emulate_libset_max/fast_vdd1v0/OAI31X4
lib_cell:default_emulate_libset_max/fast_vdd1v0/OAI31X4
lib_cell:default_emulate_libset_max/fast_vdd1v0/OAI31XL
lib_cell:default_emulate_libset_max/fast_vdd1v0/OAI31XL
lib_cell:default_emulate_libset_max/fast_vdd1v0/OAI32X1
lib_cell:default_emulate_libset_max/fast_vdd1v0/OAI32X1
lib_cell:default_emulate_libset_max/fast_vdd1v0/OAI32X2
lib_cell:default_emulate_libset_max/fast_vdd1v0/OAI32X2
lib_cell:default_emulate_libset_max/fast_vdd1v0/OAI32X4
lib_cell:default_emulate_libset_max/fast_vdd1v0/OAI32X4
lib_cell:default_emulate_libset_max/fast_vdd1v0/OAI32XL
lib_cell:default_emulate_libset_max/fast_vdd1v0/OAI32XL
lib_cell:default_emulate_libset_max/fast_vdd1v0/OAI33X1
lib_cell:default_emulate_libset_max/fast_vdd1v0/OAI33X1
lib_cell:default_emulate_libset_max/fast_vdd1v0/OAI33X2
lib_cell:default_emulate_libset_max/fast_vdd1v0/OAI33X2
lib_cell:default_emulate_libset_max/fast_vdd1v0/OAI33X4
lib_cell:default_emulate_libset_max/fast_vdd1v0/OAI33X4
lib_cell:default_emulate_libset_max/fast_vdd1v0/OAI33XL
lib_cell:default_emulate_libset_max/fast_vdd1v0/OAI33XL
lib_cell:default_emulate_libset_max/fast_vdd1v0/OR2X1
lib_cell:default_emulate_libset_max/fast_vdd1v0/OR2X1
lib_cell:default_emulate_libset_max/fast_vdd1v0/OR2X2
lib_cell:default_emulate_libset_max/fast_vdd1v0/OR2X2
lib_cell:default_emulate_libset_max/fast_vdd1v0/OR2X4
lib_cell:default_emulate_libset_max/fast_vdd1v0/OR2X4
lib_cell:default_emulate_libset_max/fast_vdd1v0/OR2X6
lib_cell:default_emulate_libset_max/fast_vdd1v0/OR2X6
lib_cell:default_emulate_libset_max/fast_vdd1v0/OR2X8
lib_cell:default_emulate_libset_max/fast_vdd1v0/OR2X8
lib_cell:default_emulate_libset_max/fast_vdd1v0/OR2XL
lib_cell:default_emulate_libset_max/fast_vdd1v0/OR2XL
lib_cell:default_emulate_libset_max/fast_vdd1v0/OR3X1
lib_cell:default_emulate_libset_max/fast_vdd1v0/OR3X1
lib_cell:default_emulate_libset_max/fast_vdd1v0/OR3X2
lib_cell:default_emulate_libset_max/fast_vdd1v0/OR3X2
lib_cell:default_emulate_libset_max/fast_vdd1v0/OR3X4
lib_cell:default_emulate_libset_max/fast_vdd1v0/OR3X4
lib_cell:default_emulate_libset_max/fast_vdd1v0/OR3X6
lib_cell:default_emulate_libset_max/fast_vdd1v0/OR3X6
lib_cell:default_emulate_libset_max/fast_vdd1v0/OR3X8
lib_cell:default_emulate_libset_max/fast_vdd1v0/OR3X8
lib_cell:default_emulate_libset_max/fast_vdd1v0/OR3XL
lib_cell:default_emulate_libset_max/fast_vdd1v0/OR3XL
lib_cell:default_emulate_libset_max/fast_vdd1v0/OR4X1
lib_cell:default_emulate_libset_max/fast_vdd1v0/OR4X1
lib_cell:default_emulate_libset_max/fast_vdd1v0/OR4X2
lib_cell:default_emulate_libset_max/fast_vdd1v0/OR4X2
lib_cell:default_emulate_libset_max/fast_vdd1v0/OR4X4
lib_cell:default_emulate_libset_max/fast_vdd1v0/OR4X4
lib_cell:default_emulate_libset_max/fast_vdd1v0/OR4X6
lib_cell:default_emulate_libset_max/fast_vdd1v0/OR4X6
lib_cell:default_emulate_libset_max/fast_vdd1v0/OR4X8
lib_cell:default_emulate_libset_max/fast_vdd1v0/OR4X8
lib_cell:default_emulate_libset_max/fast_vdd1v0/OR4XL
lib_cell:default_emulate_libset_max/fast_vdd1v0/OR4XL
lib_cell:default_emulate_libset_max/fast_vdd1v0/SDFFHQX1
lib_cell:default_emulate_libset_max/fast_vdd1v0/SDFFHQX1
lib_cell:default_emulate_libset_max/fast_vdd1v0/SDFFHQX2
lib_cell:default_emulate_libset_max/fast_vdd1v0/SDFFHQX2
lib_cell:default_emulate_libset_max/fast_vdd1v0/SDFFHQX4
lib_cell:default_emulate_libset_max/fast_vdd1v0/SDFFHQX4
lib_cell:default_emulate_libset_max/fast_vdd1v0/SDFFHQX8
lib_cell:default_emulate_libset_max/fast_vdd1v0/SDFFHQX8
lib_cell:default_emulate_libset_max/fast_vdd1v0/SDFFNSRX1
lib_cell:default_emulate_libset_max/fast_vdd1v0/SDFFNSRX1
lib_cell:default_emulate_libset_max/fast_vdd1v0/SDFFNSRX2
lib_cell:default_emulate_libset_max/fast_vdd1v0/SDFFNSRX2
lib_cell:default_emulate_libset_max/fast_vdd1v0/SDFFNSRX4
lib_cell:default_emulate_libset_max/fast_vdd1v0/SDFFNSRX4
lib_cell:default_emulate_libset_max/fast_vdd1v0/SDFFNSRXL
lib_cell:default_emulate_libset_max/fast_vdd1v0/SDFFNSRXL
lib_cell:default_emulate_libset_max/fast_vdd1v0/SDFFQX1
lib_cell:default_emulate_libset_max/fast_vdd1v0/SDFFQX1
lib_cell:default_emulate_libset_max/fast_vdd1v0/SDFFQX2
lib_cell:default_emulate_libset_max/fast_vdd1v0/SDFFQX2
lib_cell:default_emulate_libset_max/fast_vdd1v0/SDFFQX4
lib_cell:default_emulate_libset_max/fast_vdd1v0/SDFFQX4
lib_cell:default_emulate_libset_max/fast_vdd1v0/SDFFQXL
lib_cell:default_emulate_libset_max/fast_vdd1v0/SDFFQXL
lib_cell:default_emulate_libset_max/fast_vdd1v0/SDFFRHQX1
lib_cell:default_emulate_libset_max/fast_vdd1v0/SDFFRHQX1
lib_cell:default_emulate_libset_max/fast_vdd1v0/SDFFRHQX2
lib_cell:default_emulate_libset_max/fast_vdd1v0/SDFFRHQX2
lib_cell:default_emulate_libset_max/fast_vdd1v0/SDFFRHQX4
lib_cell:default_emulate_libset_max/fast_vdd1v0/SDFFRHQX4
lib_cell:default_emulate_libset_max/fast_vdd1v0/SDFFRHQX8
lib_cell:default_emulate_libset_max/fast_vdd1v0/SDFFRHQX8
lib_cell:default_emulate_libset_max/fast_vdd1v0/SDFFRX1
lib_cell:default_emulate_libset_max/fast_vdd1v0/SDFFRX1
lib_cell:default_emulate_libset_max/fast_vdd1v0/SDFFRX2
lib_cell:default_emulate_libset_max/fast_vdd1v0/SDFFRX2
lib_cell:default_emulate_libset_max/fast_vdd1v0/SDFFRX4
lib_cell:default_emulate_libset_max/fast_vdd1v0/SDFFRX4
lib_cell:default_emulate_libset_max/fast_vdd1v0/SDFFRXL
lib_cell:default_emulate_libset_max/fast_vdd1v0/SDFFRXL
lib_cell:default_emulate_libset_max/fast_vdd1v0/SDFFSHQX1
lib_cell:default_emulate_libset_max/fast_vdd1v0/SDFFSHQX1
lib_cell:default_emulate_libset_max/fast_vdd1v0/SDFFSHQX2
lib_cell:default_emulate_libset_max/fast_vdd1v0/SDFFSHQX2
lib_cell:default_emulate_libset_max/fast_vdd1v0/SDFFSHQX4
lib_cell:default_emulate_libset_max/fast_vdd1v0/SDFFSHQX4
lib_cell:default_emulate_libset_max/fast_vdd1v0/SDFFSHQX8
lib_cell:default_emulate_libset_max/fast_vdd1v0/SDFFSHQX8
lib_cell:default_emulate_libset_max/fast_vdd1v0/SDFFSRHQX1
lib_cell:default_emulate_libset_max/fast_vdd1v0/SDFFSRHQX1
lib_cell:default_emulate_libset_max/fast_vdd1v0/SDFFSRHQX2
lib_cell:default_emulate_libset_max/fast_vdd1v0/SDFFSRHQX2
lib_cell:default_emulate_libset_max/fast_vdd1v0/SDFFSRHQX4
lib_cell:default_emulate_libset_max/fast_vdd1v0/SDFFSRHQX4
lib_cell:default_emulate_libset_max/fast_vdd1v0/SDFFSRHQX8
lib_cell:default_emulate_libset_max/fast_vdd1v0/SDFFSRHQX8
lib_cell:default_emulate_libset_max/fast_vdd1v0/SDFFSRX1
lib_cell:default_emulate_libset_max/fast_vdd1v0/SDFFSRX1
lib_cell:default_emulate_libset_max/fast_vdd1v0/SDFFSRX2
lib_cell:default_emulate_libset_max/fast_vdd1v0/SDFFSRX2
lib_cell:default_emulate_libset_max/fast_vdd1v0/SDFFSRX4
lib_cell:default_emulate_libset_max/fast_vdd1v0/SDFFSRX4
lib_cell:default_emulate_libset_max/fast_vdd1v0/SDFFSRXL
lib_cell:default_emulate_libset_max/fast_vdd1v0/SDFFSRXL
lib_cell:default_emulate_libset_max/fast_vdd1v0/SDFFSX1
lib_cell:default_emulate_libset_max/fast_vdd1v0/SDFFSX1
lib_cell:default_emulate_libset_max/fast_vdd1v0/SDFFSX2
lib_cell:default_emulate_libset_max/fast_vdd1v0/SDFFSX2
lib_cell:default_emulate_libset_max/fast_vdd1v0/SDFFSX4
lib_cell:default_emulate_libset_max/fast_vdd1v0/SDFFSX4
lib_cell:default_emulate_libset_max/fast_vdd1v0/SDFFSXL
lib_cell:default_emulate_libset_max/fast_vdd1v0/SDFFSXL
lib_cell:default_emulate_libset_max/fast_vdd1v0/SDFFTRX1
lib_cell:default_emulate_libset_max/fast_vdd1v0/SDFFTRX1
lib_cell:default_emulate_libset_max/fast_vdd1v0/SDFFTRX2
lib_cell:default_emulate_libset_max/fast_vdd1v0/SDFFTRX2
lib_cell:default_emulate_libset_max/fast_vdd1v0/SDFFTRX4
lib_cell:default_emulate_libset_max/fast_vdd1v0/SDFFTRX4
lib_cell:default_emulate_libset_max/fast_vdd1v0/SDFFTRXL
lib_cell:default_emulate_libset_max/fast_vdd1v0/SDFFTRXL
lib_cell:default_emulate_libset_max/fast_vdd1v0/SDFFX1
lib_cell:default_emulate_libset_max/fast_vdd1v0/SDFFX1
lib_cell:default_emulate_libset_max/fast_vdd1v0/SDFFX2
lib_cell:default_emulate_libset_max/fast_vdd1v0/SDFFX2
lib_cell:default_emulate_libset_max/fast_vdd1v0/SDFFX4
lib_cell:default_emulate_libset_max/fast_vdd1v0/SDFFX4
lib_cell:default_emulate_libset_max/fast_vdd1v0/SDFFXL
lib_cell:default_emulate_libset_max/fast_vdd1v0/SDFFXL
lib_cell:default_emulate_libset_max/fast_vdd1v0/SEDFFHQX1
lib_cell:default_emulate_libset_max/fast_vdd1v0/SEDFFHQX1
lib_cell:default_emulate_libset_max/fast_vdd1v0/SEDFFHQX2
lib_cell:default_emulate_libset_max/fast_vdd1v0/SEDFFHQX2
lib_cell:default_emulate_libset_max/fast_vdd1v0/SEDFFHQX4
lib_cell:default_emulate_libset_max/fast_vdd1v0/SEDFFHQX4
lib_cell:default_emulate_libset_max/fast_vdd1v0/SEDFFHQX8
lib_cell:default_emulate_libset_max/fast_vdd1v0/SEDFFHQX8
lib_cell:default_emulate_libset_max/fast_vdd1v0/SEDFFTRX1
lib_cell:default_emulate_libset_max/fast_vdd1v0/SEDFFTRX1
lib_cell:default_emulate_libset_max/fast_vdd1v0/SEDFFTRX2
lib_cell:default_emulate_libset_max/fast_vdd1v0/SEDFFTRX2
lib_cell:default_emulate_libset_max/fast_vdd1v0/SEDFFTRX4
lib_cell:default_emulate_libset_max/fast_vdd1v0/SEDFFTRX4
lib_cell:default_emulate_libset_max/fast_vdd1v0/SEDFFTRXL
lib_cell:default_emulate_libset_max/fast_vdd1v0/SEDFFTRXL
lib_cell:default_emulate_libset_max/fast_vdd1v0/SEDFFX1
lib_cell:default_emulate_libset_max/fast_vdd1v0/SEDFFX1
lib_cell:default_emulate_libset_max/fast_vdd1v0/SEDFFX2
lib_cell:default_emulate_libset_max/fast_vdd1v0/SEDFFX2
lib_cell:default_emulate_libset_max/fast_vdd1v0/SEDFFX4
lib_cell:default_emulate_libset_max/fast_vdd1v0/SEDFFX4
lib_cell:default_emulate_libset_max/fast_vdd1v0/SEDFFXL
lib_cell:default_emulate_libset_max/fast_vdd1v0/SEDFFXL
lib_cell:default_emulate_libset_max/fast_vdd1v0/SMDFFHQX1
lib_cell:default_emulate_libset_max/fast_vdd1v0/SMDFFHQX1
lib_cell:default_emulate_libset_max/fast_vdd1v0/SMDFFHQX2
lib_cell:default_emulate_libset_max/fast_vdd1v0/SMDFFHQX2
lib_cell:default_emulate_libset_max/fast_vdd1v0/SMDFFHQX4
lib_cell:default_emulate_libset_max/fast_vdd1v0/SMDFFHQX4
lib_cell:default_emulate_libset_max/fast_vdd1v0/SMDFFHQX8
lib_cell:default_emulate_libset_max/fast_vdd1v0/SMDFFHQX8
lib_cell:default_emulate_libset_max/fast_vdd1v0/TBUFX1
lib_cell:default_emulate_libset_max/fast_vdd1v0/TBUFX1
lib_cell:default_emulate_libset_max/fast_vdd1v0/TBUFX12
lib_cell:default_emulate_libset_max/fast_vdd1v0/TBUFX12
lib_cell:default_emulate_libset_max/fast_vdd1v0/TBUFX16
lib_cell:default_emulate_libset_max/fast_vdd1v0/TBUFX16
lib_cell:default_emulate_libset_max/fast_vdd1v0/TBUFX2
lib_cell:default_emulate_libset_max/fast_vdd1v0/TBUFX2
lib_cell:default_emulate_libset_max/fast_vdd1v0/TBUFX20
lib_cell:default_emulate_libset_max/fast_vdd1v0/TBUFX20
lib_cell:default_emulate_libset_max/fast_vdd1v0/TBUFX3
lib_cell:default_emulate_libset_max/fast_vdd1v0/TBUFX3
lib_cell:default_emulate_libset_max/fast_vdd1v0/TBUFX4
lib_cell:default_emulate_libset_max/fast_vdd1v0/TBUFX4
lib_cell:default_emulate_libset_max/fast_vdd1v0/TBUFX6
lib_cell:default_emulate_libset_max/fast_vdd1v0/TBUFX6
lib_cell:default_emulate_libset_max/fast_vdd1v0/TBUFX8
lib_cell:default_emulate_libset_max/fast_vdd1v0/TBUFX8
lib_cell:default_emulate_libset_max/fast_vdd1v0/TBUFXL
lib_cell:default_emulate_libset_max/fast_vdd1v0/TBUFXL
lib_cell:default_emulate_libset_max/fast_vdd1v0/TIEHI
lib_cell:default_emulate_libset_max/fast_vdd1v0/TIEHI
lib_cell:default_emulate_libset_max/fast_vdd1v0/TIELO
lib_cell:default_emulate_libset_max/fast_vdd1v0/TIELO
lib_cell:default_emulate_libset_max/fast_vdd1v0/TLATNCAX12
lib_cell:default_emulate_libset_max/fast_vdd1v0/TLATNCAX12
lib_cell:default_emulate_libset_max/fast_vdd1v0/TLATNCAX16
lib_cell:default_emulate_libset_max/fast_vdd1v0/TLATNCAX16
lib_cell:default_emulate_libset_max/fast_vdd1v0/TLATNCAX2
lib_cell:default_emulate_libset_max/fast_vdd1v0/TLATNCAX2
lib_cell:default_emulate_libset_max/fast_vdd1v0/TLATNCAX20
lib_cell:default_emulate_libset_max/fast_vdd1v0/TLATNCAX20
lib_cell:default_emulate_libset_max/fast_vdd1v0/TLATNCAX3
lib_cell:default_emulate_libset_max/fast_vdd1v0/TLATNCAX3
lib_cell:default_emulate_libset_max/fast_vdd1v0/TLATNCAX4
lib_cell:default_emulate_libset_max/fast_vdd1v0/TLATNCAX4
lib_cell:default_emulate_libset_max/fast_vdd1v0/TLATNCAX6
lib_cell:default_emulate_libset_max/fast_vdd1v0/TLATNCAX6
lib_cell:default_emulate_libset_max/fast_vdd1v0/TLATNCAX8
lib_cell:default_emulate_libset_max/fast_vdd1v0/TLATNCAX8
lib_cell:default_emulate_libset_max/fast_vdd1v0/TLATNSRX1
lib_cell:default_emulate_libset_max/fast_vdd1v0/TLATNSRX1
lib_cell:default_emulate_libset_max/fast_vdd1v0/TLATNSRX2
lib_cell:default_emulate_libset_max/fast_vdd1v0/TLATNSRX2
lib_cell:default_emulate_libset_max/fast_vdd1v0/TLATNSRX4
lib_cell:default_emulate_libset_max/fast_vdd1v0/TLATNSRX4
lib_cell:default_emulate_libset_max/fast_vdd1v0/TLATNSRXL
lib_cell:default_emulate_libset_max/fast_vdd1v0/TLATNSRXL
lib_cell:default_emulate_libset_max/fast_vdd1v0/TLATNTSCAX12
lib_cell:default_emulate_libset_max/fast_vdd1v0/TLATNTSCAX12
lib_cell:default_emulate_libset_max/fast_vdd1v0/TLATNTSCAX16
lib_cell:default_emulate_libset_max/fast_vdd1v0/TLATNTSCAX16
lib_cell:default_emulate_libset_max/fast_vdd1v0/TLATNTSCAX2
lib_cell:default_emulate_libset_max/fast_vdd1v0/TLATNTSCAX2
lib_cell:default_emulate_libset_max/fast_vdd1v0/TLATNTSCAX20
lib_cell:default_emulate_libset_max/fast_vdd1v0/TLATNTSCAX20
lib_cell:default_emulate_libset_max/fast_vdd1v0/TLATNTSCAX3
lib_cell:default_emulate_libset_max/fast_vdd1v0/TLATNTSCAX3
lib_cell:default_emulate_libset_max/fast_vdd1v0/TLATNTSCAX4
lib_cell:default_emulate_libset_max/fast_vdd1v0/TLATNTSCAX4
lib_cell:default_emulate_libset_max/fast_vdd1v0/TLATNTSCAX6
lib_cell:default_emulate_libset_max/fast_vdd1v0/TLATNTSCAX6
lib_cell:default_emulate_libset_max/fast_vdd1v0/TLATNTSCAX8
lib_cell:default_emulate_libset_max/fast_vdd1v0/TLATNTSCAX8
lib_cell:default_emulate_libset_max/fast_vdd1v0/TLATNX1
lib_cell:default_emulate_libset_max/fast_vdd1v0/TLATNX1
lib_cell:default_emulate_libset_max/fast_vdd1v0/TLATNX2
lib_cell:default_emulate_libset_max/fast_vdd1v0/TLATNX2
lib_cell:default_emulate_libset_max/fast_vdd1v0/TLATNX4
lib_cell:default_emulate_libset_max/fast_vdd1v0/TLATNX4
lib_cell:default_emulate_libset_max/fast_vdd1v0/TLATNXL
lib_cell:default_emulate_libset_max/fast_vdd1v0/TLATNXL
lib_cell:default_emulate_libset_max/fast_vdd1v0/TLATSRX1
lib_cell:default_emulate_libset_max/fast_vdd1v0/TLATSRX1
lib_cell:default_emulate_libset_max/fast_vdd1v0/TLATSRX2
lib_cell:default_emulate_libset_max/fast_vdd1v0/TLATSRX2
lib_cell:default_emulate_libset_max/fast_vdd1v0/TLATSRX4
lib_cell:default_emulate_libset_max/fast_vdd1v0/TLATSRX4
lib_cell:default_emulate_libset_max/fast_vdd1v0/TLATSRXL
lib_cell:default_emulate_libset_max/fast_vdd1v0/TLATSRXL
lib_cell:default_emulate_libset_max/fast_vdd1v0/TLATX1
lib_cell:default_emulate_libset_max/fast_vdd1v0/TLATX1
lib_cell:default_emulate_libset_max/fast_vdd1v0/TLATX2
lib_cell:default_emulate_libset_max/fast_vdd1v0/TLATX2
lib_cell:default_emulate_libset_max/fast_vdd1v0/TLATX4
lib_cell:default_emulate_libset_max/fast_vdd1v0/TLATX4
lib_cell:default_emulate_libset_max/fast_vdd1v0/TLATXL
lib_cell:default_emulate_libset_max/fast_vdd1v0/TLATXL
lib_cell:default_emulate_libset_max/fast_vdd1v0/XNOR2X1
lib_cell:default_emulate_libset_max/fast_vdd1v0/XNOR2X1
lib_cell:default_emulate_libset_max/fast_vdd1v0/XNOR2X2
lib_cell:default_emulate_libset_max/fast_vdd1v0/XNOR2X2
lib_cell:default_emulate_libset_max/fast_vdd1v0/XNOR2X4
lib_cell:default_emulate_libset_max/fast_vdd1v0/XNOR2X4
lib_cell:default_emulate_libset_max/fast_vdd1v0/XNOR2XL
lib_cell:default_emulate_libset_max/fast_vdd1v0/XNOR2XL
lib_cell:default_emulate_libset_max/fast_vdd1v0/XNOR3X1
lib_cell:default_emulate_libset_max/fast_vdd1v0/XNOR3X1
lib_cell:default_emulate_libset_max/fast_vdd1v0/XNOR3XL
lib_cell:default_emulate_libset_max/fast_vdd1v0/XNOR3XL
lib_cell:default_emulate_libset_max/fast_vdd1v0/XOR2X1
lib_cell:default_emulate_libset_max/fast_vdd1v0/XOR2X1
lib_cell:default_emulate_libset_max/fast_vdd1v0/XOR2X2
lib_cell:default_emulate_libset_max/fast_vdd1v0/XOR2X2
lib_cell:default_emulate_libset_max/fast_vdd1v0/XOR2X4
lib_cell:default_emulate_libset_max/fast_vdd1v0/XOR2X4
lib_cell:default_emulate_libset_max/fast_vdd1v0/XOR2XL
lib_cell:default_emulate_libset_max/fast_vdd1v0/XOR2XL
lib_cell:default_emulate_libset_max/fast_vdd1v0/XOR3X1
lib_cell:default_emulate_libset_max/fast_vdd1v0/XOR3X1
lib_cell:default_emulate_libset_max/fast_vdd1v0/XOR3XL
lib_cell:default_emulate_libset_max/fast_vdd1v0/XOR3XL

Total number of cell(s) with only library (.lib) info : 978

LEF cells with no corresponding libcell
---------------------------------------

No physical (LEF) cells found.

 Summary
 ------- 

                Name                 Total 
-------------------------------------------
Unresolved References                    0 
Empty Modules                            0 
Unloaded Port(s)                         1 
Unloaded Sequential Pin(s)               0 
Unloaded Combinational Pin(s)            0 
Assigns                                  0 
Undriven Port(s)                         0 
Undriven Leaf Pin(s)                     0 
Undriven hierarchical pin(s)             0 
Multidriven Port(s)                      0 
Multidriven Leaf Pin(s)                  0 
Multidriven hierarchical Pin(s)          0 
Multidriven unloaded net(s)              0 
Constant Port(s)                         0 
Constant Leaf Pin(s)                     0 
Constant hierarchical Pin(s)             0 
Preserved leaf instance(s)               0 
Preserved hierarchical instance(s)       0 
Libcells with no LEF cell              978 
Physical (LEF) cells with no libcell     0 
Subdesigns with long module name         0 
Physical only instance(s)                0 
Logical only instance(s)                 0 
